[httpcoder.com/demo/html/foodking/view/index.html]
[backblue.gif]
[fade.gif]
[index.html]
[httpcoder.com/demo/html/foodking/view/assets/img/twittercardimg/twittercard-280-150.jpg]
[httpcoder.com/demo/html/foodking/view/assets/img/opengraph/fbphoto.jpg]
[httpcoder.com/demo/html/foodking/view/assets/img/favicon.ico]
[httpcoder.com/demo/html/foodking/view/assets/img/favicon/apple-icon-57x57.png]
[httpcoder.com/demo/html/foodking/view/assets/img/favicon/apple-icon-60x60.png]
[httpcoder.com/demo/html/foodking/view/assets/img/favicon/apple-icon-72x72.png]
[httpcoder.com/demo/html/foodking/view/assets/img/favicon/apple-icon-76x76.png]
[httpcoder.com/demo/html/foodking/view/assets/img/favicon/apple-icon-114x114.png]
[httpcoder.com/demo/html/foodking/view/assets/img/favicon/apple-icon-120x120.png]
[httpcoder.com/demo/html/foodking/view/assets/img/favicon/apple-icon-144x144.png]
[httpcoder.com/demo/html/foodking/view/assets/img/favicon/apple-icon-152x152.png]
[httpcoder.com/demo/html/foodking/view/assets/img/favicon/apple-icon-180x180.png]
[httpcoder.com/demo/html/foodking/view/assets/img/favicon/android-icon-192x192.png]
[httpcoder.com/demo/html/foodking/view/assets/img/favicon/favicon-32x32.png]
[httpcoder.com/demo/html/foodking/view/assets/img/favicon/favicon-96x96.png]
[httpcoder.com/demo/html/foodking/view/assets/img/favicon/favicon-16x16.png]
[httpcoder.com/demo/html/foodking/view/assets/img/favicon/manifest.json]
[httpcoder.com/demo/html/foodking/view/assets/libs/bootstrap/css/bootstrap.min.css]
[httpcoder.com/demo/html/foodking/view/assets/libs/fontawesome/css/font-awesome.min.css]
[httpcoder.com/demo/html/foodking/view/assets/libs/owlcarousel/owl.carousel.min.css]
[httpcoder.com/demo/html/foodking/view/assets/libs/owlcarousel/owl.theme.default.min.css]
[httpcoder.com/demo/html/foodking/view/assets/libs/datepicker/bootstrap-datetimepicker.min.css]
[httpcoder.com/demo/html/foodking/view/assets/css/style-default.min.css]
[httpcoder.com/demo/html/foodking/view/assets/img/logo.png]
[httpcoder.com/demo/html/foodking/view/assets/js/vendor/modernizr-2.8.3.min.js]
[httpcoder.com/demo/html/foodking/view/home-slider.html]
[httpcoder.com/demo/html/foodking/view/home-zikzak.html]
[httpcoder.com/demo/html/foodking/view/home-typed.html]
[httpcoder.com/demo/html/foodking/view/about.html]
[httpcoder.com/demo/html/foodking/view/speacial.html]
[httpcoder.com/demo/html/foodking/view/menu.html]
[httpcoder.com/demo/html/foodking/view/reservation.html]
[httpcoder.com/demo/html/foodking/view/contact.html]
[httpcoder.com/demo/html/foodking/view/news-list.html]
[httpcoder.com/demo/html/foodking/view/news-single.html]
[httpcoder.com/demo/html/foodking/view/assets/img/about-icon.png]
[httpcoder.com/demo/html/foodking/view/assets/img/about-icon2.png]
[httpcoder.com/demo/html/foodking/view/single-item.html]
[httpcoder.com/demo/html/foodking/view/assets/img/about-icon3.png]
[httpcoder.com/demo/html/foodking/view/assets/img/about-bottom.jpg]
[httpcoder.com/demo/html/foodking/view/assets/img/speacial-item/special-item1.jpg]
[httpcoder.com/demo/html/foodking/view/assets/img/speacial-item/special-item2.jpg]
[httpcoder.com/demo/html/foodking/view/assets/img/speacial-item/special-item3.jpg]
[httpcoder.com/demo/html/foodking/view/assets/img/speacial-item/special-item4.jpg]
[httpcoder.com/demo/html/foodking/view/assets/img/speacial-item/special-item5.jpg]
[httpcoder.com/demo/html/foodking/view/assets/img/speacial-item/special-item6.jpg]
[httpcoder.com/demo/html/foodking/view/assets/img/tab-menu1.png]
[httpcoder.com/demo/html/foodking/view/assets/img/tab-menu2.png]
[httpcoder.com/demo/html/foodking/view/assets/img/tab-menu3.png]
[httpcoder.com/demo/html/foodking/view/assets/img/tab-menu4.png]
[httpcoder.com/demo/html/foodking/view/assets/img/reservation.jpg]
[httpcoder.com/demo/html/foodking/view/assets/img/milestone-icon1.png]
[httpcoder.com/demo/html/foodking/view/assets/img/milestone-icon2.png]
[httpcoder.com/demo/html/foodking/view/assets/img/milestone-icon3.png]
[httpcoder.com/demo/html/foodking/view/assets/img/milestone-icon4.png]
[httpcoder.com/demo/html/foodking/view/assets/img/video.jpg]
[httpcoder.com/demo/html/foodking/view/assets/img/client1.jpg]
[httpcoder.com/cdn-cgi/scripts/f2bf09f8/cloudflare-static/email-decode.min.js]
[httpcoder.com/demo/html/foodking/view/assets/libs/bootstrap/js/bootstrap.min.js]
[httpcoder.com/demo/html/foodking/view/assets/js/vendor/jquery-1.12.4.min.js]
[httpcoder.com/demo/html/foodking/view/assets/libs/datepicker/bootstrap-datetimepicker.min.js]
[httpcoder.com/demo/html/foodking/view/assets/libs/jquery.validate.js]
[httpcoder.com/demo/html/foodking/view/assets/libs/gmap/jquery.googlemap.js]
[httpcoder.com/demo/html/foodking/view/assets/libs/owlcarousel/owl.carousel.min.js]
[httpcoder.com/demo/html/foodking/view/assets/libs/datepicker/moment-with-locales.min.js]
[httpcoder.com/demo/html/foodking/view/tweetie/tweetie.js]
[httpcoder.com/demo/html/foodking/view/assets/libs/typed/typed.min.js]
[httpcoder.com/demo/html/foodking/view/assets/libs/jquery.smooth-scroll.min.js]
[httpcoder.com/demo/html/foodking/view/assets/libs/maginificpopup/jquery.magnific-popup.min.js]
[httpcoder.com/demo/html/foodking/view/assets/libs/jquery.easing.min.js]
[httpcoder.com/demo/html/foodking/view/assets/libs/counterup/jquery.counterup.min.js]
[httpcoder.com/demo/html/foodking/view/assets/libs/waypoints.min.js]
[httpcoder.com/demo/html/foodking/view/assets/js/custom.script.js]
[httpcoder.com/demo/html/foodking/view/switcher/js/switcher.js]
[httpcoder.com/demo/html/foodking/view/index.html]
[httpcoder.com/demo/html/foodking/view/assets/libs/bootstrap/fonts/glyphicons-halflings-regular.woff]
[httpcoder.com/demo/html/foodking/view/assets/libs/bootstrap/fonts/glyphicons-halflings-regular.eot]
[httpcoder.com/demo/html/foodking/view/assets/libs/bootstrap/fonts/glyphicons-halflings-regular.ttf]
[httpcoder.com/demo/html/foodking/view/assets/libs/bootstrap/fonts/glyphicons-halflings-regulard41d.eot]
[httpcoder.com/demo/html/foodking/view/assets/libs/bootstrap/fonts/glyphicons-halflings-regular.svg]
[httpcoder.com/demo/html/foodking/view/assets/libs/bootstrap/css/bootstrap.min.css]
[httpcoder.com/demo/html/foodking/view/assets/libs/fontawesome/fonts/fontawesome-webfont5b62.woff]
[httpcoder.com/demo/html/foodking/view/assets/libs/fontawesome/fonts/fontawesome-webfont5b62.eot]
[httpcoder.com/demo/html/foodking/view/assets/libs/fontawesome/fonts/fontawesome-webfontd41d.eot]
[httpcoder.com/demo/html/foodking/view/assets/libs/fontawesome/fonts/fontawesome-webfont5b62.ttf]
[httpcoder.com/demo/html/foodking/view/assets/libs/fontawesome/css/font-awesome.min.css]
[httpcoder.com/demo/html/foodking/view/assets/libs/fontawesome/fonts/fontawesome-webfont5b62.svg]
[httpcoder.com/demo/html/foodking/view/assets/libs/owlcarousel/owl.video.play.56.delayed]
[httpcoder.com/demo/html/foodking/view/assets/libs/owlcarousel/owl.carousel.min.css]
[httpcoder.com/demo/html/foodking/view/assets/libs/owlcarousel/owl.theme.default.min.css]
[httpcoder.com/demo/html/foodking/view/assets/libs/datepicker/bootstrap-datetimepicker.min.css]
[httpcoder.com/demo/html/foodking/view/assets/img/quote.png]
[httpcoder.com/demo/html/foodking/view/assets/img/zikzak-bottom-white.png]
[httpcoder.com/demo/html/foodking/view/assets/img/banner-bg.jpg]
[httpcoder.com/demo/html/foodking/view/assets/img/typed-bg.jpg]
[httpcoder.com/demo/html/foodking/view/assets/img/zikzak-bg.jpg]
[httpcoder.com/demo/html/foodking/view/assets/img/about-top-left.png]
[httpcoder.com/demo/html/foodking/view/assets/img/about-top-right.png]
[httpcoder.com/demo/html/foodking/view/assets/img/zikzak-top-white.png]
[httpcoder.com/demo/html/foodking/view/assets/img/special-style-left.png]
[httpcoder.com/demo/html/foodking/view/assets/img/special-style-right.png]
[httpcoder.com/demo/html/foodking/view/assets/img/zikzak-top-ash-light.png]
[httpcoder.com/demo/html/foodking/view/assets/img/zikzak-bottom-ash-light.png]
[httpcoder.com/demo/html/foodking/view/assets/img/menu-bg.jpg]
[httpcoder.com/demo/html/foodking/view/assets/img/milestone-bg.jpg]
[httpcoder.com/demo/html/foodking/view/assets/img/feedback-bg-left.png]
[httpcoder.com/demo/html/foodking/view/assets/img/feedback-bg-right.png]
[httpcoder.com/demo/html/foodking/view/assets/img/subscribe-bg-left.png]
[httpcoder.com/demo/html/foodking/view/assets/img/subscribe-bg-right.png]
[httpcoder.com/demo/html/foodking/view/assets/img/footer-bg.jpg]
[httpcoder.com/demo/html/foodking/view/assets/img/inner-banner-bg.jpg]
[httpcoder.com/demo/html/foodking/view/assets/css/style-default.min.css]
[httpcoder.com/demo/html/foodking/view/assets/img/slider1.jpg]
[httpcoder.com/demo/html/foodking/view/assets/img/slider2.jpg]
[httpcoder.com/demo/html/foodking/view/assets/img/slider4.jpg]
[httpcoder.com/demo/html/foodking/view/home-slider.html]
[httpcoder.com/demo/html/foodking/view/home-zikzak.html]
[httpcoder.com/demo/html/foodking/view/home-typed.html]
[httpcoder.com/demo/html/foodking/view/assets/img/team/team1.jpg]
[httpcoder.com/demo/html/foodking/view/assets/img/team/team2.jpg]
[httpcoder.com/demo/html/foodking/view/assets/img/team/team3.jpg]
[httpcoder.com/demo/html/foodking/view/assets/img/team/team6.jpg]
[httpcoder.com/demo/html/foodking/view/about.html]
[httpcoder.com/demo/html/foodking/view/speacial.html]
[httpcoder.com/demo/html/foodking/view/menu.html]
[httpcoder.com/demo/html/foodking/view/reservation.html]
[httpcoder.com/demo/html/foodking/view/contact.html]
[httpcoder.com/demo/html/foodking/view/assets/img/news/news1.jpg]
[httpcoder.com/demo/html/foodking/view/assets/img/news/news3.jpg]
[httpcoder.com/demo/html/foodking/view/assets/img/news/news2.jpg]
[httpcoder.com/demo/html/foodking/view/news-list.html]
[httpcoder.com/demo/html/foodking/view/assets/img/image-alignment.jpg]
[httpcoder.com/demo/html/foodking/view/news-single.html]
[httpcoder.com/demo/html/foodking/view/single-item.html]
[httpcoder.com/demo/html/foodking/view/assets/img/reservation.jpg]
[httpcoder.com/demo/html/foodking/view/assets/libs/bootstrap/fonts/glyphicons-halflings-regular.html]
[httpcoder.com/demo/html/foodking/view/assets/libs/bootstrap/fonts/glyphicons-halflings-regular.svg]
[httpcoder.com/demo/html/foodking/view/assets/libs/fontawesome/fonts/fontawesome-webfont5b62.html]
[httpcoder.com/demo/html/foodking/view/assets/libs/fontawesome/fonts/fontawesome-webfont5b62.svg]
[httpcoder.com/demo/html/foodking/view/assets/libs/owlcarousel/owl.video.play.html]
